﻿
> react-example@0.0.0 build
> vite build

[36mvite v6.4.1 [32mbuilding for production...[36m[39m
transforming...
[32mΓ£ô[39m 68 modules transformed.
node.exe : 
[31mΓ£ù[39m Build 
failed in 522ms
At line:1 char:1
+ & "C:\Program 
Files\nodejs/node.exe" 
"C:\Program 
Files\nodejs/node_mo 
...
+ ~~~~~~~~~~~~~~~~~~~~~
~~~~~~~~~~~~~~~~~~~~~~~
~~~~~~~~~~~~~~~~~~~~~~~
~~
    + CategoryInfo     
         : NotSpecifi  
  ed: ([31mΓ£ù[39m   
  Build failed in 5    
22ms:String) [], R    
emoteException
    + FullyQualifiedEr 
   rorId : NativeComm  
  andError
 
[31merror during 
build:
[31msrc/pages/Dashboar
d.tsx (3:9): 
"processWithGemini" is 
not exported by "src/se
rvices/gemini.ts", 
imported by "src/pages/
Dashboard.tsx".[31m
file: [36mC:/Users/Ada
m/Downloads/New folder/
src/pages/Dashboard.tsx
:3:9[31m
[33m
1: import { useState } 
from 'react';
2: import { Link } 
from 
'react-router-dom';
3: import { 
processWithGemini } 
from 
'../services/gemini';
            ^
4: 
5: export default 
function Dashboard() {
[31m
    at getRollupError (
file:///C:/Users/Adam/D
ownloads/New%20folder/n
ode_modules/rollup/dist
/es/shared/parseAst.js:
402:41)
    at error (file:///C
:/Users/Adam/Downloads/
New%20folder/node_modul
es/rollup/dist/es/share
d/parseAst.js:398:42)
    at Module.error (fi
le:///C:/Users/Adam/Dow
nloads/New%20folder/nod
e_modules/rollup/dist/e
s/shared/node-entry.js:
17040:16)
    at 
Module.traceVariable (f
ile:///C:/Users/Adam/Do
wnloads/New%20folder/no
de_modules/rollup/dist/
es/shared/node-entry.js
:17452:29)
    at ModuleScope.find
Variable (file:///C:/Us
ers/Adam/Downloads/New%
20folder/node_modules/r
ollup/dist/es/shared/no
de-entry.js:15070:39)
    at FunctionScope.fi
ndVariable (file:///C:/
Users/Adam/Downloads/Ne
w%20folder/node_modules
/rollup/dist/es/shared/
node-entry.js:5673:38)
    at FunctionBodyScop
e.findVariable (file://
/C:/Users/Adam/Download
s/New%20folder/node_mod
ules/rollup/dist/es/sha
red/node-entry.js:5673:
38)
    at ReturnValueScope
.findVariable (file:///
C:/Users/Adam/Downloads
/New%20folder/node_modu
les/rollup/dist/es/shar
ed/node-entry.js:5673:3
8)
    at FunctionBodyScop
e.findVariable (file://
/C:/Users/Adam/Download
s/New%20folder/node_mod
ules/rollup/dist/es/sha
red/node-entry.js:5673:
38)
    at BlockScope.findV
ariable (file:///C:/Use
rs/Adam/Downloads/New%2
0folder/node_modules/ro
llup/dist/es/shared/nod
e-entry.js:5673:38)[39
m
